(base) jerekettunen@Jeres-MacBook-Pro part12 % docker start -i brave_fermat
root@12a829dee725:/# cd src/usr
bash: cd: src/usr: No such file or directory
root@12a829dee725:/# ls
bin  boot  dev  etc  home  lib  media  mnt  opt  proc  root  run  sbin  srv  sys  tmp  usr  var
root@12a829dee725:/# cd usr/src
root@12a829dee725:/usr/src# ls
app
root@12a829dee725:/usr/src# cd app
root@12a829dee725:/usr/src/app# ls 
index.js
root@12a829dee725:/usr/src/app# apt-get update
Get:1 http://ports.ubuntu.com/ubuntu-ports noble InRelease [256 kB]
Get:2 http://ports.ubuntu.com/ubuntu-ports noble-updates InRelease [126 kB]
Get:3 http://ports.ubuntu.com/ubuntu-ports noble-backports InRelease [126 kB]
Get:4 http://ports.ubuntu.com/ubuntu-ports noble-security InRelease [126 kB]
Get:5 http://ports.ubuntu.com/ubuntu-ports noble/universe arm64 Packages [19.0 MB]
Get:6 http://ports.ubuntu.com/ubuntu-ports noble/restricted arm64 Packages [113 kB]
Get:7 http://ports.ubuntu.com/ubuntu-ports noble/main arm64 Packages [1776 kB]
Get:8 http://ports.ubuntu.com/ubuntu-ports noble/multiverse arm64 Packages [274 kB]
Get:9 http://ports.ubuntu.com/ubuntu-ports noble-updates/main arm64 Packages [1348 kB]
Get:10 http://ports.ubuntu.com/ubuntu-ports noble-updates/universe arm64 Packages [1337 kB]
Get:11 http://ports.ubuntu.com/ubuntu-ports noble-updates/multiverse arm64 Packages [21.2 kB]
Get:12 http://ports.ubuntu.com/ubuntu-ports noble-updates/restricted arm64 Packages [1614 kB]
Get:13 http://ports.ubuntu.com/ubuntu-ports noble-backports/universe arm64 Packages [31.8 kB]
Get:14 http://ports.ubuntu.com/ubuntu-ports noble-backports/main arm64 Packages [48.0 kB]
Get:15 http://ports.ubuntu.com/ubuntu-ports noble-security/universe arm64 Packages [1044 kB]
Get:16 http://ports.ubuntu.com/ubuntu-ports noble-security/main arm64 Packages [993 kB]
Get:17 http://ports.ubuntu.com/ubuntu-ports noble-security/restricted arm64 Packages [1391 kB]
Get:18 http://ports.ubuntu.com/ubuntu-ports noble-security/multiverse arm64 Packages [19.0 kB]
Fetched 29.7 MB in 3s (9833 kB/s)                           
Reading package lists... Done
root@12a829dee725:/usr/src/app# apt-get -y install nano
Reading package lists... Done
Building dependency tree... Done
Reading state information... Done
Suggested packages:
  hunspell
The following NEW packages will be installed:
  nano
0 upgraded, 1 newly installed, 0 to remove and 1 not upgraded.
Need to get 281 kB of archives.
After this operation, 909 kB of additional disk space will be used.
Get:1 http://ports.ubuntu.com/ubuntu-ports noble-updates/main arm64 nano arm64 7.2-2ubuntu0.1 [281 kB]
Fetched 281 kB in 1s (329 kB/s)
debconf: delaying package configuration, since apt-utils is not installed
Selecting previously unselected package nano.
(Reading database ... 4376 files and directories currently installed.)
Preparing to unpack .../nano_7.2-2ubuntu0.1_arm64.deb ...
Unpacking nano (7.2-2ubuntu0.1) ...
Setting up nano (7.2-2ubuntu0.1) ...
update-alternatives: using /bin/nano to provide /usr/bin/editor (editor) in auto mode
update-alternatives: warning: skip creation of /usr/share/man/man1/editor.1.gz because associated file /usr/share/man/man1/nano.1.gz (of link group editor) doesn't exist
update-alternatives: using /bin/nano to provide /usr/bin/pico (pico) in auto mode
update-alternatives: warning: skip creation of /usr/share/man/man1/pico.1.gz because associated file /usr/share/man/man1/nano.1.gz (of link group pico) doesn't exist
root@12a829dee725:/usr/src/app# nano index.js 
root@12a829dee725:/usr/src/app# 